SonarCloud plugins:
  - Text Code Quality and Security 2.27.0.7705 (textenterprise)
  - JaCoCo 1.3.0.1538 (jacoco)
  - IaC Code Quality and Security 1.49.0.16030 (iacenterprise)
  - IaC Code Quality and Security 1.49.0.16030 (iac)
Project server settings:
Project scanner properties:
  - sonar.architecture.preview.available=false
  - sonar.host.url=https://sonarcloud.io
  - sonar.java.binaries=target/classes
  - sonar.language=java
  - sonar.login=******
  - sonar.organization=guiharsh2
  - sonar.projectBaseDir=F:\tutorials\DEVOPS\Project-01
  - sonar.projectKey=guiharsh2
  - sonar.projectName=project01-sample-mvn-app
  - sonar.scanner.apiBaseUrl=https://api.sonarcloud.io
  - sonar.scanner.app=ScannerCLI
  - sonar.scanner.appVersion=7.2.0.5079
  - sonar.scanner.arch=amd64
  - sonar.scanner.bootstrapStartTime=1755873289435
  - sonar.scanner.home=C:\binaries\sonar-scanner\bin\..
  - sonar.scanner.os=windows
  - sonar.scanner.sonarcloudUrl=https://sonarcloud.io
  - sonar.scanner.truststorePassword=changeit
  - sonar.scanner.truststorePath=C:\binaries\sonar-scanner\jre\lib\security\cacerts
  - sonar.scanner.wasEngineCacheHit=true
  - sonar.scanner.wasJreCacheHit=HIT
  - sonar.sourceEncoding=UTF-8
  - sonar.sources=.
  - sonar.verbose=true
  - sonar.working.directory=F:\tutorials\DEVOPS\Project-01\.scannerwork
